[2026-09-15T06:56:29+03:00] pid=2177652 WAITING for test lock :: cd /home/dev/dev-projects/bcb-wt-conflict-screens && RUN_DOCTOR_MEDICAL_MERGE_DOOR_DB=1 node --test deploy/postgres/privileges/doctor-medical-merge-door.devDbProof.test.mjs
[2026-09-15T06:56:29+03:00] pid=2177652 ACQUIRED test lock :: cd /home/dev/dev-projects/bcb-wt-conflict-screens && RUN_DOCTOR_MEDICAL_MERGE_DOOR_DB=1 node --test deploy/postgres/privileges/doctor-medical-merge-door.devDbProof.test.mjs
TAP version 13
# Subtest: врач сливает медицинский конфликт целиком под своей рантайм-ролью
ok 1 - врач сливает медицинский конфликт целиком под своей рантайм-ролью
  ---
  duration_ms: 2054.566306
  type: 'test'
  ...
# Subtest: конфликт в двух клиниках: первому врачу говорят правду, второй доводит слияние
ok 2 - конфликт в двух клиниках: первому врачу говорят правду, второй доводит слияние
  ---
  duration_ms: 2054.110594
  type: 'test'
  ...
# Subtest: роль врача не может выписать себе основание для двери
ok 3 - роль врача не может выписать себе основание для двери
  ---
  duration_ms: 1960.18066
  type: 'test'
  ...
# Subtest: врач чужой организации не проходит дверь конфликта соседней клиники
ok 4 - врач чужой организации не проходит дверь конфликта соседней клиники
  ---
  duration_ms: 1965.858115
  type: 'test'
  ...
1..4
# tests 4
# suites 0
# pass 4
# fail 0
# cancelled 0
# skipped 0
# todo 0
# duration_ms 8089.259473
[2026-09-15T06:56:37+03:00] pid=2177652 RELEASED test lock (rc=0, 8s)
