> node scripts/ci-record.mjs
ci-steps: PASS typecheck (107s)
ci-steps: PASS lint (310s)
 Test Files  127 passed | 2 skipped (129)
      Tests  696 passed | 2 expected fail | 2 skipped (700)
ci-steps: PASS test (43s)
ci-steps: PASS test:scripts (49s)
ci-steps: PASS test:db-principal (5s)
ci-steps: PASS test:db-privileges (9s)
ci-steps: PASS test:backup (5s)
 Test Files  21 passed (21)
      Tests  147 passed (147)
ci-steps: PASS test:media-worker (9s)
 Test Files  3 passed (3)
      Tests  13 passed (13)
ci-steps: PASS test:error-tracking (3s)
 Test Files  548 passed | 11 skipped (559)
      Tests  3135 passed | 40 skipped (3175)
ci-steps: PASS test:webapp (86s)
ci-steps: PASS build (21s)
ci-steps: PASS build:webapp (123s)
ci-steps: PASS audit (6s)
ci-record: прогон измерил 31037c3c8b578021ac7f03fbac5aebccf0ed75c2, код возврата 0. Итог: runs/ci-last.json
[2026-09-15T04:06:11+03:00] pid=1515314 RELEASED test lock (rc=0, 548s)
